Test report contents